// Jest Snapshot v1, https://goo.gl/fbAQLP

exports[`terraform lambda runner persists state in s3 bucket 1`] = `
{
  "greeting": {
    "sensitive": false,
    "type": "string",
    "value": "JohnDoe is a great person",
  },
}
`;
